../Core/Src/stm32l4xx_hal_msp.c:64:6:HAL_MspInit	8	static
../Core/Src/stm32l4xx_hal_msp.c:86:6:HAL_CAN_MspInit	40	static
../Core/Src/stm32l4xx_hal_msp.c:127:6:HAL_CAN_MspDeInit	8	static
../Core/Src/stm32l4xx_hal_msp.c:159:6:HAL_I2C_MspInit	128	static
../Core/Src/stm32l4xx_hal_msp.c:205:6:HAL_I2C_MspDeInit	8	static
../Core/Src/stm32l4xx_hal_msp.c:236:6:HAL_TIM_Base_MspInit	8	static
../Core/Src/stm32l4xx_hal_msp.c:258:6:HAL_TIM_Base_MspDeInit	0	static
../Core/Src/stm32l4xx_hal_msp.c:280:6:HAL_UART_MspInit	144	static
../Core/Src/stm32l4xx_hal_msp.c:348:6:HAL_UART_MspDeInit	8	static
