../Drivers/OLED/ssd1306.c:8:6:ssd1306_Reset	0	static
../Drivers/OLED/ssd1306.c:13:6:ssd1306_WriteCommand	32	static
../Drivers/OLED/ssd1306.c:18:6:ssd1306_WriteData	24	static
../Drivers/OLED/ssd1306.c:63:17:ssd1306_FillBuffer	8	static
../Drivers/OLED/ssd1306.c:175:6:ssd1306_Fill	0	static
../Drivers/OLED/ssd1306.c:185:6:ssd1306_UpdateScreen	16	static
../Drivers/OLED/ssd1306.c:204:6:ssd1306_DrawPixel	12	static
../Drivers/OLED/ssd1306.c:222:6:ssd1306_WriteChar	64	static
../Drivers/OLED/ssd1306.c:257:6:ssd1306_WriteString	32	static
../Drivers/OLED/ssd1306.c:274:6:ssd1306_SetCursor	0	static
../Drivers/OLED/ssd1306.c:280:6:ssd1306_Line	48	static
../Drivers/OLED/ssd1306.c:316:6:ssd1306_Polyline	32	static
../Drivers/OLED/ssd1306.c:351:6:ssd1306_DrawArc	104	static
../Drivers/OLED/ssd1306.c:388:6:ssd1306_DrawCircle	48	static
../Drivers/OLED/ssd1306.c:433:6:ssd1306_DrawRectangle	32	static
../Drivers/OLED/ssd1306.c:444:6:ssd1306_DrawBitmap	48	static
../Drivers/OLED/ssd1306.c:466:6:ssd1306_SetContrast	8	static
../Drivers/OLED/ssd1306.c:472:6:ssd1306_SetDisplayOn	0	static
../Drivers/OLED/ssd1306.c:73:6:ssd1306_Init	8	static
../Drivers/OLED/ssd1306.c:484:9:ssd1306_GetDisplayOn	0	static
