../Core/Src/OBD/KLine.c:28:14:kline_init	16	static
../Core/Src/OBD/KLine.c:82:14:kwp2000_fast_init	24	static,ignoring_inline_asm
../Core/Src/OBD/KLine.c:133:13:MX_GPIO_KLineUART_Init	32	static
../Core/Src/OBD/KLine.c:147:13:uart_pin_state	16	static
../Core/Src/OBD/KLine.c:166:9:kline_send_msg	32	static,ignoring_inline_asm
../Core/Src/OBD/KLine.c:214:9:kwp2000_send_msg	32	static,ignoring_inline_asm
../Core/Src/OBD/KLine.c:266:16:verify_checksum	24	static
../Core/Src/OBD/KLine.c:285:6:kline_rx_callback	8	static
