../Core/Src/OBD/KLine.c:24:14:kline_init	16	static
../Core/Src/OBD/KLine.c:74:14:kwp2000_fast_init	24	static,ignoring_inline_asm
../Core/Src/OBD/KLine.c:122:13:MX_GPIO_KLineUART_Init	32	static
../Core/Src/OBD/KLine.c:132:13:uart_pin_state	16	static
../Core/Src/OBD/KLine.c:147:9:kline_send_msg	32	static,ignoring_inline_asm
../Core/Src/OBD/KLine.c:191:9:kwp2000_send_msg	32	static,ignoring_inline_asm
../Core/Src/OBD/KLine.c:238:16:verify_checksum	24	static
../Core/Src/OBD/KLine.c:253:6:kline_rx_callback	8	static
