../Core/Src/main.c:84:5:main	112	static
../Core/Src/main.c:155:6:SystemClock_Config	96	static
../Core/Src/main.c:205:13:MX_I2C2_Init	8	static
../Core/Src/main.c:253:13:MX_IWDG_Init	8	static
../Core/Src/main.c:282:13:MX_TIM1_Init	40	static
../Core/Src/main.c:329:13:MX_TIM15_Init	40	static
../Core/Src/main.c:375:13:MX_USART1_UART_Init	8	static
../Core/Src/main.c:409:13:MX_DMA_Init	16	static
../Core/Src/main.c:427:13:MX_GPIO_Init	48	static
../Core/Src/main.c:483:6:Error_Handler	4	static,ignoring_inline_asm
