../Core/Src/main.c:90:5:main	120	static
../Core/Src/main.c:188:6:SystemClock_Config	96	static
../Core/Src/main.c:238:13:MX_ADC1_Init	32	static
../Core/Src/main.c:296:13:MX_I2C2_Init	8	static
../Core/Src/main.c:344:13:MX_IWDG_Init	8	static
../Core/Src/main.c:373:13:MX_TIM1_Init	40	static
../Core/Src/main.c:420:13:MX_TIM6_Init	24	static
../Core/Src/main.c:456:13:MX_DMA_Init	16	static
../Core/Src/main.c:477:13:MX_GPIO_Init	48	static
../Core/Src/main.c:520:14:ADC_Average	24	static
../Core/Src/main.c:540:6:Error_Handler	4	static,ignoring_inline_asm
