16:17:48 **** Incremental Build of configuration Debug for project iot_obd_monitoring_device ****
make -j8 all 
arm-none-eabi-gcc "../Drivers/BG77/bg77.c" -mcpu=cortex-m4 -std=gnu11 -g3 -DDEBUG -DUSE_HAL_DRIVER -DSTM32L431xx -c -I../Core/Inc -I"C:/Users/miros/Desktop/bakalarka_latest/secured-vehicle-monitoring/iot_obd_monitoring_device/Drivers/BG77" -I"C:/Users/miros/Desktop/bakalarka_latest/secured-vehicle-monitoring/iot_obd_monitoring_device/Core/Inc/OBD" -I../Drivers/STM32L4xx_HAL_Driver/Inc -I../Drivers/STM32L4xx_HAL_Driver/Inc/Legacy -I../Drivers/CMSIS/Device/ST/STM32L4xx/Include -I../Drivers/CMSIS/Include -O0 -ffunction-sections -fdata-sections -Wall -fstack-usage -fcyclomatic-complexity -MMD -MP -MF"Drivers/BG77/bg77.d" -MT"Drivers/BG77/bg77.o" --specs=nano.specs -mfpu=fpv4-sp-d16 -mfloat-abi=hard -mthumb -o "Drivers/BG77/bg77.o"
../Drivers/BG77/bg77.c:494:13: warning: 'power_off' defined but not used [-Wunused-function]
  494 | static void power_off(void)
      |             ^~~~~~~~~
arm-none-eabi-gcc -o "iot_obd_monitoring_device.elf" @"objects.list"   -mcpu=cortex-m4 -T"C:\Users\miros\Desktop\bakalarka_latest\secured-vehicle-monitoring\iot_obd_monitoring_device\STM32L431RCTX_FLASH.ld" --specs=nosys.specs -Wl,-Map="iot_obd_monitoring_device.map" -Wl,--gc-sections -static --specs=nano.specs -mfpu=fpv4-sp-d16 -mfloat-abi=hard -mthumb -u _printf_float -Wl,--start-group -lc -lm -Wl,--end-group
Finished building target: iot_obd_monitoring_device.elf
 
arm-none-eabi-size   iot_obd_monitoring_device.elf 
arm-none-eabi-objdump -h -S  iot_obd_monitoring_device.elf  > "iot_obd_monitoring_device.list"
   text	   data	    bss	    dec	    hex	filename
  47512	    484	   2992	  50988	   c72c	iot_obd_monitoring_device.elf
Finished building: default.size.stdout
 
Finished building: iot_obd_monitoring_device.list
 
