19:30:57 **** Incremental Build of configuration Debug for project obd_monitoring_device ****
make -j8 all 
arm-none-eabi-gcc "../Core/Src/OBD/CAN.c" -mcpu=cortex-m4 -std=gnu11 -g3 -DDEBUG -DUSE_HAL_DRIVER -DSTM32L431xx -c -I../Core/Inc -I"C:/Users/miros/Desktop/bakalarka_latest/secured-vehicle-monitoring/obd_monitoring_device/Core/Inc/OBD" -I../Drivers/OLED -I../Drivers/STM32L4xx_HAL_Driver/Inc -I../Drivers/STM32L4xx_HAL_Driver/Inc/Legacy -I../Drivers/CMSIS/Device/ST/STM32L4xx/Include -I../Drivers/CMSIS/Include -O0 -ffunction-sections -fdata-sections -Wall -fstack-usage -MMD -MP -MF"Core/Src/OBD/CAN.d" -MT"Core/Src/OBD/CAN.o" --specs=nano.specs -mfpu=fpv4-sp-d16 -mfloat-abi=hard -mthumb -o "Core/Src/OBD/CAN.o"
arm-none-eabi-gcc "../Core/Src/OBD/KLine.c" -mcpu=cortex-m4 -std=gnu11 -g3 -DDEBUG -DUSE_HAL_DRIVER -DSTM32L431xx -c -I../Core/Inc -I"C:/Users/miros/Desktop/bakalarka_latest/secured-vehicle-monitoring/obd_monitoring_device/Core/Inc/OBD" -I../Drivers/OLED -I../Drivers/STM32L4xx_HAL_Driver/Inc -I../Drivers/STM32L4xx_HAL_Driver/Inc/Legacy -I../Drivers/CMSIS/Device/ST/STM32L4xx/Include -I../Drivers/CMSIS/Include -O0 -ffunction-sections -fdata-sections -Wall -fstack-usage -MMD -MP -MF"Core/Src/OBD/KLine.d" -MT"Core/Src/OBD/KLine.o" --specs=nano.specs -mfpu=fpv4-sp-d16 -mfloat-abi=hard -mthumb -o "Core/Src/OBD/KLine.o"
arm-none-eabi-gcc "../Core/Src/OBD/OBD_PID.c" -mcpu=cortex-m4 -std=gnu11 -g3 -DDEBUG -DUSE_HAL_DRIVER -DSTM32L431xx -c -I../Core/Inc -I"C:/Users/miros/Desktop/bakalarka_latest/secured-vehicle-monitoring/obd_monitoring_device/Core/Inc/OBD" -I../Drivers/OLED -I../Drivers/STM32L4xx_HAL_Driver/Inc -I../Drivers/STM32L4xx_HAL_Driver/Inc/Legacy -I../Drivers/CMSIS/Device/ST/STM32L4xx/Include -I../Drivers/CMSIS/Include -O0 -ffunction-sections -fdata-sections -Wall -fstack-usage -MMD -MP -MF"Core/Src/OBD/OBD_PID.d" -MT"Core/Src/OBD/OBD_PID.o" --specs=nano.specs -mfpu=fpv4-sp-d16 -mfloat-abi=hard -mthumb -o "Core/Src/OBD/OBD_PID.o"
arm-none-eabi-gcc "../Core/Src/main.c" -mcpu=cortex-m4 -std=gnu11 -g3 -DDEBUG -DUSE_HAL_DRIVER -DSTM32L431xx -c -I../Core/Inc -I"C:/Users/miros/Desktop/bakalarka_latest/secured-vehicle-monitoring/obd_monitoring_device/Core/Inc/OBD" -I../Drivers/OLED -I../Drivers/STM32L4xx_HAL_Driver/Inc -I../Drivers/STM32L4xx_HAL_Driver/Inc/Legacy -I../Drivers/CMSIS/Device/ST/STM32L4xx/Include -I../Drivers/CMSIS/Include -O0 -ffunction-sections -fdata-sections -Wall -fstack-usage -MMD -MP -MF"Core/Src/main.d" -MT"Core/Src/main.o" --specs=nano.specs -mfpu=fpv4-sp-d16 -mfloat-abi=hard -mthumb -o "Core/Src/main.o"
arm-none-eabi-gcc -o "obd_monitoring_device.elf" @"objects.list"   -mcpu=cortex-m4 -T"C:\Users\miros\Desktop\bakalarka_latest\secured-vehicle-monitoring\obd_monitoring_device\STM32L431RCTX_FLASH.ld" --specs=nosys.specs -Wl,-Map="obd_monitoring_device.map" -Wl,--gc-sections -static --specs=nano.specs -mfpu=fpv4-sp-d16 -mfloat-abi=hard -mthumb -u _printf_float -Wl,--start-group -lc -lm -Wl,--end-group
Finished building target: obd_monitoring_device.elf
 
arm-none-eabi-size   obd_monitoring_device.elf 
arm-none-eabi-objdump -h -S  obd_monitoring_device.elf  > "obd_monitoring_device.list"
   text	   data	    bss	    dec	    hex	filename
  56644	    864	   3192	  60700	   ed1c	obd_monitoring_device.elf
Finished building: default.size.stdout
 
Finished building: obd_monitoring_device.list
 
19:33:05 **** Incremental Build of configuration Debug for project obd_monitoring_device ****
make -j8 all 
arm-none-eabi-size   obd_monitoring_device.elf 
   text	   data	    bss	    dec	    hex	filename
  56644	    864	   3192	  60700	   ed1c	obd_monitoring_device.elf
Finished building: default.size.stdout
 
19:37:53 **** Incremental Build of configuration Debug for project obd_monitoring_device ****
make -j8 all 
arm-none-eabi-gcc "../Core/Src/OBD/CAN.c" -mcpu=cortex-m4 -std=gnu11 -g3 -DDEBUG -DUSE_HAL_DRIVER -DSTM32L431xx -c -I../Core/Inc -I"C:/Users/miros/Desktop/bakalarka_latest/secured-vehicle-monitoring/obd_monitoring_device/Core/Inc/OBD" -I../Drivers/OLED -I../Drivers/STM32L4xx_HAL_Driver/Inc -I../Drivers/STM32L4xx_HAL_Driver/Inc/Legacy -I../Drivers/CMSIS/Device/ST/STM32L4xx/Include -I../Drivers/CMSIS/Include -O0 -ffunction-sections -fdata-sections -Wall -fstack-usage -MMD -MP -MF"Core/Src/OBD/CAN.d" -MT"Core/Src/OBD/CAN.o" --specs=nano.specs -mfpu=fpv4-sp-d16 -mfloat-abi=hard -mthumb -o "Core/Src/OBD/CAN.o"
arm-none-eabi-gcc "../Core/Src/OBD/KLine.c" -mcpu=cortex-m4 -std=gnu11 -g3 -DDEBUG -DUSE_HAL_DRIVER -DSTM32L431xx -c -I../Core/Inc -I"C:/Users/miros/Desktop/bakalarka_latest/secured-vehicle-monitoring/obd_monitoring_device/Core/Inc/OBD" -I../Drivers/OLED -I../Drivers/STM32L4xx_HAL_Driver/Inc -I../Drivers/STM32L4xx_HAL_Driver/Inc/Legacy -I../Drivers/CMSIS/Device/ST/STM32L4xx/Include -I../Drivers/CMSIS/Include -O0 -ffunction-sections -fdata-sections -Wall -fstack-usage -MMD -MP -MF"Core/Src/OBD/KLine.d" -MT"Core/Src/OBD/KLine.o" --specs=nano.specs -mfpu=fpv4-sp-d16 -mfloat-abi=hard -mthumb -o "Core/Src/OBD/KLine.o"
arm-none-eabi-gcc "../Core/Src/main.c" -mcpu=cortex-m4 -std=gnu11 -g3 -DDEBUG -DUSE_HAL_DRIVER -DSTM32L431xx -c -I../Core/Inc -I"C:/Users/miros/Desktop/bakalarka_latest/secured-vehicle-monitoring/obd_monitoring_device/Core/Inc/OBD" -I../Drivers/OLED -I../Drivers/STM32L4xx_HAL_Driver/Inc -I../Drivers/STM32L4xx_HAL_Driver/Inc/Legacy -I../Drivers/CMSIS/Device/ST/STM32L4xx/Include -I../Drivers/CMSIS/Include -O0 -ffunction-sections -fdata-sections -Wall -fstack-usage -MMD -MP -MF"Core/Src/main.d" -MT"Core/Src/main.o" --specs=nano.specs -mfpu=fpv4-sp-d16 -mfloat-abi=hard -mthumb -o "Core/Src/main.o"
../Core/Src/main.c:247:13: warning: 'MX_IWDG_Init' defined but not used [-Wunused-function]
  247 | static void MX_IWDG_Init(void)
      |             ^~~~~~~~~~~~
arm-none-eabi-gcc -o "obd_monitoring_device.elf" @"objects.list"   -mcpu=cortex-m4 -T"C:\Users\miros\Desktop\bakalarka_latest\secured-vehicle-monitoring\obd_monitoring_device\STM32L431RCTX_FLASH.ld" --specs=nosys.specs -Wl,-Map="obd_monitoring_device.map" -Wl,--gc-sections -static --specs=nano.specs -mfpu=fpv4-sp-d16 -mfloat-abi=hard -mthumb -u _printf_float -Wl,--start-group -lc -lm -Wl,--end-group
Finished building target: obd_monitoring_device.elf
 
arm-none-eabi-size   obd_monitoring_device.elf 
arm-none-eabi-objdump -h -S  obd_monitoring_device.elf  > "obd_monitoring_device.list"
   text	   data	    bss	    dec	    hex	filename
  56380	    864	   3176	  60420	   ec04	obd_monitoring_device.elf
Finished building: default.size.stdout
 
Finished building: obd_monitoring_device.list
 
19:40:08 **** Incremental Build of configuration Debug for project obd_monitoring_device ****
make -j8 all 
arm-none-eabi-gcc "../Core/Src/OBD/CAN.c" -mcpu=cortex-m4 -std=gnu11 -g3 -DDEBUG -DUSE_HAL_DRIVER -DSTM32L431xx -c -I../Core/Inc -I"C:/Users/miros/Desktop/bakalarka_latest/secured-vehicle-monitoring/obd_monitoring_device/Core/Inc/OBD" -I../Drivers/OLED -I../Drivers/STM32L4xx_HAL_Driver/Inc -I../Drivers/STM32L4xx_HAL_Driver/Inc/Legacy -I../Drivers/CMSIS/Device/ST/STM32L4xx/Include -I../Drivers/CMSIS/Include -O0 -ffunction-sections -fdata-sections -Wall -fstack-usage -MMD -MP -MF"Core/Src/OBD/CAN.d" -MT"Core/Src/OBD/CAN.o" --specs=nano.specs -mfpu=fpv4-sp-d16 -mfloat-abi=hard -mthumb -o "Core/Src/OBD/CAN.o"
arm-none-eabi-gcc "../Core/Src/OBD/KLine.c" -mcpu=cortex-m4 -std=gnu11 -g3 -DDEBUG -DUSE_HAL_DRIVER -DSTM32L431xx -c -I../Core/Inc -I"C:/Users/miros/Desktop/bakalarka_latest/secured-vehicle-monitoring/obd_monitoring_device/Core/Inc/OBD" -I../Drivers/OLED -I../Drivers/STM32L4xx_HAL_Driver/Inc -I../Drivers/STM32L4xx_HAL_Driver/Inc/Legacy -I../Drivers/CMSIS/Device/ST/STM32L4xx/Include -I../Drivers/CMSIS/Include -O0 -ffunction-sections -fdata-sections -Wall -fstack-usage -MMD -MP -MF"Core/Src/OBD/KLine.d" -MT"Core/Src/OBD/KLine.o" --specs=nano.specs -mfpu=fpv4-sp-d16 -mfloat-abi=hard -mthumb -o "Core/Src/OBD/KLine.o"
arm-none-eabi-gcc "../Core/Src/main.c" -mcpu=cortex-m4 -std=gnu11 -g3 -DDEBUG -DUSE_HAL_DRIVER -DSTM32L431xx -c -I../Core/Inc -I"C:/Users/miros/Desktop/bakalarka_latest/secured-vehicle-monitoring/obd_monitoring_device/Core/Inc/OBD" -I../Drivers/OLED -I../Drivers/STM32L4xx_HAL_Driver/Inc -I../Drivers/STM32L4xx_HAL_Driver/Inc/Legacy -I../Drivers/CMSIS/Device/ST/STM32L4xx/Include -I../Drivers/CMSIS/Include -O0 -ffunction-sections -fdata-sections -Wall -fstack-usage -MMD -MP -MF"Core/Src/main.d" -MT"Core/Src/main.o" --specs=nano.specs -mfpu=fpv4-sp-d16 -mfloat-abi=hard -mthumb -o "Core/Src/main.o"
arm-none-eabi-gcc -o "obd_monitoring_device.elf" @"objects.list"   -mcpu=cortex-m4 -T"C:\Users\miros\Desktop\bakalarka_latest\secured-vehicle-monitoring\obd_monitoring_device\STM32L431RCTX_FLASH.ld" --specs=nosys.specs -Wl,-Map="obd_monitoring_device.map" -Wl,--gc-sections -static --specs=nano.specs -mfpu=fpv4-sp-d16 -mfloat-abi=hard -mthumb -u _printf_float -Wl,--start-group -lc -lm -Wl,--end-group
Finished building target: obd_monitoring_device.elf
 
arm-none-eabi-size   obd_monitoring_device.elf 
arm-none-eabi-objdump -h -S  obd_monitoring_device.elf  > "obd_monitoring_device.list"
   text	   data	    bss	    dec	    hex	filename
  56644	    864	   3192	  60700	   ed1c	obd_monitoring_device.elf
Finished building: default.size.stdout
 
Finished building: obd_monitoring_device.list
 
19:46:31 **** Incremental Build of configuration Debug for project obd_monitoring_device ****
make -j8 all 
arm-none-eabi-size   obd_monitoring_device.elf 
   text	   data	    bss	    dec	    hex	filename
  56644	    864	   3192	  60700	   ed1c	obd_monitoring_device.elf
Finished building: default.size.stdout
 
20:05:03 **** Incremental Build of configuration Debug for project obd_monitoring_device ****
make -j8 all 
arm-none-eabi-gcc "../Core/Src/OBD/CAN.c" -mcpu=cortex-m4 -std=gnu11 -g3 -DDEBUG -DUSE_HAL_DRIVER -DSTM32L431xx -c -I../Core/Inc -I"C:/Users/miros/Desktop/bakalarka_latest/secured-vehicle-monitoring/obd_monitoring_device/Core/Inc/OBD" -I../Drivers/OLED -I../Drivers/STM32L4xx_HAL_Driver/Inc -I../Drivers/STM32L4xx_HAL_Driver/Inc/Legacy -I../Drivers/CMSIS/Device/ST/STM32L4xx/Include -I../Drivers/CMSIS/Include -O0 -ffunction-sections -fdata-sections -Wall -fstack-usage -MMD -MP -MF"Core/Src/OBD/CAN.d" -MT"Core/Src/OBD/CAN.o" --specs=nano.specs -mfpu=fpv4-sp-d16 -mfloat-abi=hard -mthumb -o "Core/Src/OBD/CAN.o"
arm-none-eabi-gcc "../Core/Src/OBD/KLine.c" -mcpu=cortex-m4 -std=gnu11 -g3 -DDEBUG -DUSE_HAL_DRIVER -DSTM32L431xx -c -I../Core/Inc -I"C:/Users/miros/Desktop/bakalarka_latest/secured-vehicle-monitoring/obd_monitoring_device/Core/Inc/OBD" -I../Drivers/OLED -I../Drivers/STM32L4xx_HAL_Driver/Inc -I../Drivers/STM32L4xx_HAL_Driver/Inc/Legacy -I../Drivers/CMSIS/Device/ST/STM32L4xx/Include -I../Drivers/CMSIS/Include -O0 -ffunction-sections -fdata-sections -Wall -fstack-usage -MMD -MP -MF"Core/Src/OBD/KLine.d" -MT"Core/Src/OBD/KLine.o" --specs=nano.specs -mfpu=fpv4-sp-d16 -mfloat-abi=hard -mthumb -o "Core/Src/OBD/KLine.o"
arm-none-eabi-gcc "../Core/Src/main.c" -mcpu=cortex-m4 -std=gnu11 -g3 -DDEBUG -DUSE_HAL_DRIVER -DSTM32L431xx -c -I../Core/Inc -I"C:/Users/miros/Desktop/bakalarka_latest/secured-vehicle-monitoring/obd_monitoring_device/Core/Inc/OBD" -I../Drivers/OLED -I../Drivers/STM32L4xx_HAL_Driver/Inc -I../Drivers/STM32L4xx_HAL_Driver/Inc/Legacy -I../Drivers/CMSIS/Device/ST/STM32L4xx/Include -I../Drivers/CMSIS/Include -O0 -ffunction-sections -fdata-sections -Wall -fstack-usage -MMD -MP -MF"Core/Src/main.d" -MT"Core/Src/main.o" --specs=nano.specs -mfpu=fpv4-sp-d16 -mfloat-abi=hard -mthumb -o "Core/Src/main.o"
../Core/Src/main.c:247:13: warning: 'MX_IWDG_Init' defined but not used [-Wunused-function]
  247 | static void MX_IWDG_Init(void)
      |             ^~~~~~~~~~~~
arm-none-eabi-gcc -o "obd_monitoring_device.elf" @"objects.list"   -mcpu=cortex-m4 -T"C:\Users\miros\Desktop\bakalarka_latest\secured-vehicle-monitoring\obd_monitoring_device\STM32L431RCTX_FLASH.ld" --specs=nosys.specs -Wl,-Map="obd_monitoring_device.map" -Wl,--gc-sections -static --specs=nano.specs -mfpu=fpv4-sp-d16 -mfloat-abi=hard -mthumb -u _printf_float -Wl,--start-group -lc -lm -Wl,--end-group
Finished building target: obd_monitoring_device.elf
 
arm-none-eabi-size   obd_monitoring_device.elf 
arm-none-eabi-objdump -h -S  obd_monitoring_device.elf  > "obd_monitoring_device.list"
   text	   data	    bss	    dec	    hex	filename
  56380	    864	   3176	  60420	   ec04	obd_monitoring_device.elf
Finished building: default.size.stdout
 
Finished building: obd_monitoring_device.list
 
20:09:57 **** Incremental Build of configuration Debug for project obd_monitoring_device ****
make -j8 all 
arm-none-eabi-gcc "../Core/Src/OBD/CAN.c" -mcpu=cortex-m4 -std=gnu11 -g3 -DDEBUG -DUSE_HAL_DRIVER -DSTM32L431xx -c -I../Core/Inc -I"C:/Users/miros/Desktop/bakalarka_latest/secured-vehicle-monitoring/obd_monitoring_device/Core/Inc/OBD" -I../Drivers/OLED -I../Drivers/STM32L4xx_HAL_Driver/Inc -I../Drivers/STM32L4xx_HAL_Driver/Inc/Legacy -I../Drivers/CMSIS/Device/ST/STM32L4xx/Include -I../Drivers/CMSIS/Include -O0 -ffunction-sections -fdata-sections -Wall -fstack-usage -MMD -MP -MF"Core/Src/OBD/CAN.d" -MT"Core/Src/OBD/CAN.o" --specs=nano.specs -mfpu=fpv4-sp-d16 -mfloat-abi=hard -mthumb -o "Core/Src/OBD/CAN.o"
arm-none-eabi-gcc "../Core/Src/OBD/KLine.c" -mcpu=cortex-m4 -std=gnu11 -g3 -DDEBUG -DUSE_HAL_DRIVER -DSTM32L431xx -c -I../Core/Inc -I"C:/Users/miros/Desktop/bakalarka_latest/secured-vehicle-monitoring/obd_monitoring_device/Core/Inc/OBD" -I../Drivers/OLED -I../Drivers/STM32L4xx_HAL_Driver/Inc -I../Drivers/STM32L4xx_HAL_Driver/Inc/Legacy -I../Drivers/CMSIS/Device/ST/STM32L4xx/Include -I../Drivers/CMSIS/Include -O0 -ffunction-sections -fdata-sections -Wall -fstack-usage -MMD -MP -MF"Core/Src/OBD/KLine.d" -MT"Core/Src/OBD/KLine.o" --specs=nano.specs -mfpu=fpv4-sp-d16 -mfloat-abi=hard -mthumb -o "Core/Src/OBD/KLine.o"
arm-none-eabi-gcc "../Core/Src/main.c" -mcpu=cortex-m4 -std=gnu11 -g3 -DDEBUG -DUSE_HAL_DRIVER -DSTM32L431xx -c -I../Core/Inc -I"C:/Users/miros/Desktop/bakalarka_latest/secured-vehicle-monitoring/obd_monitoring_device/Core/Inc/OBD" -I../Drivers/OLED -I../Drivers/STM32L4xx_HAL_Driver/Inc -I../Drivers/STM32L4xx_HAL_Driver/Inc/Legacy -I../Drivers/CMSIS/Device/ST/STM32L4xx/Include -I../Drivers/CMSIS/Include -O0 -ffunction-sections -fdata-sections -Wall -fstack-usage -MMD -MP -MF"Core/Src/main.d" -MT"Core/Src/main.o" --specs=nano.specs -mfpu=fpv4-sp-d16 -mfloat-abi=hard -mthumb -o "Core/Src/main.o"
arm-none-eabi-gcc -o "obd_monitoring_device.elf" @"objects.list"   -mcpu=cortex-m4 -T"C:\Users\miros\Desktop\bakalarka_latest\secured-vehicle-monitoring\obd_monitoring_device\STM32L431RCTX_FLASH.ld" --specs=nosys.specs -Wl,-Map="obd_monitoring_device.map" -Wl,--gc-sections -static --specs=nano.specs -mfpu=fpv4-sp-d16 -mfloat-abi=hard -mthumb -u _printf_float -Wl,--start-group -lc -lm -Wl,--end-group
Finished building target: obd_monitoring_device.elf
 
arm-none-eabi-size   obd_monitoring_device.elf 
arm-none-eabi-objdump -h -S  obd_monitoring_device.elf  > "obd_monitoring_device.list"
   text	   data	    bss	    dec	    hex	filename
  56644	    864	   3192	  60700	   ed1c	obd_monitoring_device.elf
Finished building: default.size.stdout
 
Finished building: obd_monitoring_device.list
 
20:11:16 **** Incremental Build of configuration Debug for project obd_monitoring_device ****
make -j8 all 
arm-none-eabi-gcc "../Core/Src/OBD/OBD_PID.c" -mcpu=cortex-m4 -std=gnu11 -g3 -DDEBUG -DUSE_HAL_DRIVER -DSTM32L431xx -c -I../Core/Inc -I"C:/Users/miros/Desktop/bakalarka_latest/secured-vehicle-monitoring/obd_monitoring_device/Core/Inc/OBD" -I../Drivers/OLED -I../Drivers/STM32L4xx_HAL_Driver/Inc -I../Drivers/STM32L4xx_HAL_Driver/Inc/Legacy -I../Drivers/CMSIS/Device/ST/STM32L4xx/Include -I../Drivers/CMSIS/Include -O0 -ffunction-sections -fdata-sections -Wall -fstack-usage -MMD -MP -MF"Core/Src/OBD/OBD_PID.d" -MT"Core/Src/OBD/OBD_PID.o" --specs=nano.specs -mfpu=fpv4-sp-d16 -mfloat-abi=hard -mthumb -o "Core/Src/OBD/OBD_PID.o"
arm-none-eabi-gcc "../Core/Src/main.c" -mcpu=cortex-m4 -std=gnu11 -g3 -DDEBUG -DUSE_HAL_DRIVER -DSTM32L431xx -c -I../Core/Inc -I"C:/Users/miros/Desktop/bakalarka_latest/secured-vehicle-monitoring/obd_monitoring_device/Core/Inc/OBD" -I../Drivers/OLED -I../Drivers/STM32L4xx_HAL_Driver/Inc -I../Drivers/STM32L4xx_HAL_Driver/Inc/Legacy -I../Drivers/CMSIS/Device/ST/STM32L4xx/Include -I../Drivers/CMSIS/Include -O0 -ffunction-sections -fdata-sections -Wall -fstack-usage -MMD -MP -MF"Core/Src/main.d" -MT"Core/Src/main.o" --specs=nano.specs -mfpu=fpv4-sp-d16 -mfloat-abi=hard -mthumb -o "Core/Src/main.o"
arm-none-eabi-gcc -o "obd_monitoring_device.elf" @"objects.list"   -mcpu=cortex-m4 -T"C:\Users\miros\Desktop\bakalarka_latest\secured-vehicle-monitoring\obd_monitoring_device\STM32L431RCTX_FLASH.ld" --specs=nosys.specs -Wl,-Map="obd_monitoring_device.map" -Wl,--gc-sections -static --specs=nano.specs -mfpu=fpv4-sp-d16 -mfloat-abi=hard -mthumb -u _printf_float -Wl,--start-group -lc -lm -Wl,--end-group
Finished building target: obd_monitoring_device.elf
 
arm-none-eabi-size   obd_monitoring_device.elf 
arm-none-eabi-objdump -h -S  obd_monitoring_device.elf  > "obd_monitoring_device.list"
   text	   data	    bss	    dec	    hex	filename
  56644	    864	   3192	  60700	   ed1c	obd_monitoring_device.elf
Finished building: default.size.stdout
 
Finished building: obd_monitoring_device.list
 
