16:13:28 **** Incremental Build of configuration Debug for project obd_monitoring_device ****
make -j4 all 
arm-none-eabi-gcc "../Core/Src/OBD/KLine.c" -mcpu=cortex-m4 -std=gnu11 -g3 -DDEBUG -DUSE_HAL_DRIVER -DSTM32L431xx -c -I../Core/Inc -I"C:/Users/Miro/secured-vehicle-monitoring/obd_monitoring_device/Core/Inc/OBD" -I../Drivers/OLED -I../Drivers/STM32L4xx_HAL_Driver/Inc -I../Drivers/STM32L4xx_HAL_Driver/Inc/Legacy -I../Drivers/CMSIS/Device/ST/STM32L4xx/Include -I../Drivers/CMSIS/Include -O0 -ffunction-sections -fdata-sections -Wall -fstack-usage -MMD -MP -MF"Core/Src/OBD/KLine.d" -MT"Core/Src/OBD/KLine.o" --specs=nano.specs -mfpu=fpv4-sp-d16 -mfloat-abi=hard -mthumb -o "Core/Src/OBD/KLine.o"
arm-none-eabi-gcc -o "obd_monitoring_device.elf" @"objects.list"   -mcpu=cortex-m4 -T"C:\Users\Miro\secured-vehicle-monitoring\obd_monitoring_device\STM32L431RCTX_FLASH.ld" --specs=nosys.specs -Wl,-Map="obd_monitoring_device.map" -Wl,--gc-sections -static --specs=nano.specs -mfpu=fpv4-sp-d16 -mfloat-abi=hard -mthumb -u _printf_float -Wl,--start-group -lc -lm -Wl,--end-group
Finished building target: obd_monitoring_device.elf
 
arm-none-eabi-size   obd_monitoring_device.elf 
arm-none-eabi-objdump -h -S  obd_monitoring_device.elf  > "obd_monitoring_device.list"
   text	   data	    bss	    dec	    hex	filename
  56940	    860	   3268	  61068	   ee8c	obd_monitoring_device.elf
Finished building: default.size.stdout
 
Finished building: obd_monitoring_device.list
 
