13:26:44 **** Incremental Build of configuration Debug for project iot_obd_monitoring_device ****
make -j8 all 
arm-none-eabi-gcc "../Drivers/BG77/bg77.c" -mcpu=cortex-m4 -std=gnu11 -g3 -DDEBUG -DUSE_HAL_DRIVER -DSTM32L431xx -c -I../Core/Inc -I"C:/Users/miros/Desktop/bakalarka_latest/secured-vehicle-monitoring/iot_obd_monitoring_device/Drivers/BG77" -I"C:/Users/miros/Desktop/bakalarka_latest/secured-vehicle-monitoring/iot_obd_monitoring_device/Core/Inc/OBD" -I../Drivers/STM32L4xx_HAL_Driver/Inc -I../Drivers/STM32L4xx_HAL_Driver/Inc/Legacy -I../Drivers/CMSIS/Device/ST/STM32L4xx/Include -I../Drivers/CMSIS/Include -O0 -ffunction-sections -fdata-sections -Wall -fstack-usage -fcyclomatic-complexity -MMD -MP -MF"Drivers/BG77/bg77.d" -MT"Drivers/BG77/bg77.o" --specs=nano.specs -mfpu=fpv4-sp-d16 -mfloat-abi=hard -mthumb -o "Drivers/BG77/bg77.o"
../Drivers/BG77/bg77.c: In function 'mqtt_connect':
../Drivers/BG77/bg77.c:171:9: warning: implicit declaration of function 'get_reply' [-Wimplicit-function-declaration]
  171 |      if(get_reply((char *)rx_buff, 3))
      |         ^~~~~~~~~
arm-none-eabi-gcc -o "iot_obd_monitoring_device.elf" @"objects.list"   -mcpu=cortex-m4 -T"C:\Users\miros\Desktop\bakalarka_latest\secured-vehicle-monitoring\iot_obd_monitoring_device\STM32L431RCTX_FLASH.ld" --specs=nosys.specs -Wl,-Map="iot_obd_monitoring_device.map" -Wl,--gc-sections -static --specs=nano.specs -mfpu=fpv4-sp-d16 -mfloat-abi=hard -mthumb -Wl,--start-group -lc -lm -Wl,--end-group
Finished building target: iot_obd_monitoring_device.elf
 
arm-none-eabi-size   iot_obd_monitoring_device.elf 
arm-none-eabi-objdump -h -S  iot_obd_monitoring_device.elf  > "iot_obd_monitoring_device.list"
   text	   data	    bss	    dec	    hex	filename
  35796	    120	   4160	  40076	   9c8c	iot_obd_monitoring_device.elf
Finished building: default.size.stdout
 
Finished building: iot_obd_monitoring_device.list
 
13:26:54 **** Incremental Build of configuration Debug for project iot_obd_monitoring_device ****
make -j8 all 
arm-none-eabi-size   iot_obd_monitoring_device.elf 
   text	   data	    bss	    dec	    hex	filename
  35796	    120	   4160	  40076	   9c8c	iot_obd_monitoring_device.elf
Finished building: default.size.stdout
 
13:29:01 **** Incremental Build of configuration Debug for project iot_obd_monitoring_device ****
make -j8 all 
arm-none-eabi-gcc "../Drivers/BG77/bg77.c" -mcpu=cortex-m4 -std=gnu11 -g3 -DDEBUG -DUSE_HAL_DRIVER -DSTM32L431xx -c -I../Core/Inc -I"C:/Users/miros/Desktop/bakalarka_latest/secured-vehicle-monitoring/iot_obd_monitoring_device/Drivers/BG77" -I"C:/Users/miros/Desktop/bakalarka_latest/secured-vehicle-monitoring/iot_obd_monitoring_device/Core/Inc/OBD" -I../Drivers/STM32L4xx_HAL_Driver/Inc -I../Drivers/STM32L4xx_HAL_Driver/Inc/Legacy -I../Drivers/CMSIS/Device/ST/STM32L4xx/Include -I../Drivers/CMSIS/Include -O0 -ffunction-sections -fdata-sections -Wall -fstack-usage -fcyclomatic-complexity -MMD -MP -MF"Drivers/BG77/bg77.d" -MT"Drivers/BG77/bg77.o" --specs=nano.specs -mfpu=fpv4-sp-d16 -mfloat-abi=hard -mthumb -o "Drivers/BG77/bg77.o"
../Drivers/BG77/bg77.c: In function 'mqtt_connect':
../Drivers/BG77/bg77.c:171:9: warning: implicit declaration of function 'get_reply' [-Wimplicit-function-declaration]
  171 |      if(get_reply((char *)rx_buff, 3))
      |         ^~~~~~~~~
At top level:
../Drivers/BG77/bg77.c:264:13: warning: 'power_on' defined but not used [-Wunused-function]
  264 | static void power_on(void)
      |             ^~~~~~~~
arm-none-eabi-gcc -o "iot_obd_monitoring_device.elf" @"objects.list"   -mcpu=cortex-m4 -T"C:\Users\miros\Desktop\bakalarka_latest\secured-vehicle-monitoring\iot_obd_monitoring_device\STM32L431RCTX_FLASH.ld" --specs=nosys.specs -Wl,-Map="iot_obd_monitoring_device.map" -Wl,--gc-sections -static --specs=nano.specs -mfpu=fpv4-sp-d16 -mfloat-abi=hard -mthumb -Wl,--start-group -lc -lm -Wl,--end-group
Finished building target: iot_obd_monitoring_device.elf
 
arm-none-eabi-size   iot_obd_monitoring_device.elf 
arm-none-eabi-objdump -h -S  iot_obd_monitoring_device.elf  > "iot_obd_monitoring_device.list"
   text	   data	    bss	    dec	    hex	filename
  35768	    120	   4160	  40048	   9c70	iot_obd_monitoring_device.elf
Finished building: default.size.stdout
 
Finished building: iot_obd_monitoring_device.list
 
13:31:31 **** Incremental Build of configuration Debug for project iot_obd_monitoring_device ****
make -j8 all 
arm-none-eabi-gcc "../Drivers/BG77/bg77.c" -mcpu=cortex-m4 -std=gnu11 -g3 -DDEBUG -DUSE_HAL_DRIVER -DSTM32L431xx -c -I../Core/Inc -I"C:/Users/miros/Desktop/bakalarka_latest/secured-vehicle-monitoring/iot_obd_monitoring_device/Drivers/BG77" -I"C:/Users/miros/Desktop/bakalarka_latest/secured-vehicle-monitoring/iot_obd_monitoring_device/Core/Inc/OBD" -I../Drivers/STM32L4xx_HAL_Driver/Inc -I../Drivers/STM32L4xx_HAL_Driver/Inc/Legacy -I../Drivers/CMSIS/Device/ST/STM32L4xx/Include -I../Drivers/CMSIS/Include -O0 -ffunction-sections -fdata-sections -Wall -fstack-usage -fcyclomatic-complexity -MMD -MP -MF"Drivers/BG77/bg77.d" -MT"Drivers/BG77/bg77.o" --specs=nano.specs -mfpu=fpv4-sp-d16 -mfloat-abi=hard -mthumb -o "Drivers/BG77/bg77.o"
../Drivers/BG77/bg77.c: In function 'mqtt_connect':
../Drivers/BG77/bg77.c:171:9: warning: implicit declaration of function 'get_reply' [-Wimplicit-function-declaration]
  171 |      if(get_reply((char *)rx_buff, 3))
      |         ^~~~~~~~~
At top level:
../Drivers/BG77/bg77.c:271:13: warning: 'power_off' defined but not used [-Wunused-function]
  271 | static void power_off(void)
      |             ^~~~~~~~~
../Drivers/BG77/bg77.c:264:13: warning: 'power_on' defined but not used [-Wunused-function]
  264 | static void power_on(void)
      |             ^~~~~~~~
arm-none-eabi-gcc -o "iot_obd_monitoring_device.elf" @"objects.list"   -mcpu=cortex-m4 -T"C:\Users\miros\Desktop\bakalarka_latest\secured-vehicle-monitoring\iot_obd_monitoring_device\STM32L431RCTX_FLASH.ld" --specs=nosys.specs -Wl,-Map="iot_obd_monitoring_device.map" -Wl,--gc-sections -static --specs=nano.specs -mfpu=fpv4-sp-d16 -mfloat-abi=hard -mthumb -Wl,--start-group -lc -lm -Wl,--end-group
Finished building target: iot_obd_monitoring_device.elf
 
arm-none-eabi-size   iot_obd_monitoring_device.elf 
arm-none-eabi-objdump -h -S  iot_obd_monitoring_device.elf  > "iot_obd_monitoring_device.list"
   text	   data	    bss	    dec	    hex	filename
  35656	    120	   4160	  39936	   9c00	iot_obd_monitoring_device.elf
Finished building: default.size.stdout
 
Finished building: iot_obd_monitoring_device.list
 
13:32:41 **** Incremental Build of configuration Debug for project iot_obd_monitoring_device ****
make -j8 all 
arm-none-eabi-gcc "../Drivers/BG77/bg77.c" -mcpu=cortex-m4 -std=gnu11 -g3 -DDEBUG -DUSE_HAL_DRIVER -DSTM32L431xx -c -I../Core/Inc -I"C:/Users/miros/Desktop/bakalarka_latest/secured-vehicle-monitoring/iot_obd_monitoring_device/Drivers/BG77" -I"C:/Users/miros/Desktop/bakalarka_latest/secured-vehicle-monitoring/iot_obd_monitoring_device/Core/Inc/OBD" -I../Drivers/STM32L4xx_HAL_Driver/Inc -I../Drivers/STM32L4xx_HAL_Driver/Inc/Legacy -I../Drivers/CMSIS/Device/ST/STM32L4xx/Include -I../Drivers/CMSIS/Include -O0 -ffunction-sections -fdata-sections -Wall -fstack-usage -fcyclomatic-complexity -MMD -MP -MF"Drivers/BG77/bg77.d" -MT"Drivers/BG77/bg77.o" --specs=nano.specs -mfpu=fpv4-sp-d16 -mfloat-abi=hard -mthumb -o "Drivers/BG77/bg77.o"
../Drivers/BG77/bg77.c: In function 'mqtt_connect':
../Drivers/BG77/bg77.c:171:9: warning: implicit declaration of function 'get_reply' [-Wimplicit-function-declaration]
  171 |      if(get_reply((char *)rx_buff, 3))
      |         ^~~~~~~~~
At top level:
../Drivers/BG77/bg77.c:271:13: warning: 'power_off' defined but not used [-Wunused-function]
  271 | static void power_off(void)
      |             ^~~~~~~~~
arm-none-eabi-gcc -o "iot_obd_monitoring_device.elf" @"objects.list"   -mcpu=cortex-m4 -T"C:\Users\miros\Desktop\bakalarka_latest\secured-vehicle-monitoring\iot_obd_monitoring_device\STM32L431RCTX_FLASH.ld" --specs=nosys.specs -Wl,-Map="iot_obd_monitoring_device.map" -Wl,--gc-sections -static --specs=nano.specs -mfpu=fpv4-sp-d16 -mfloat-abi=hard -mthumb -Wl,--start-group -lc -lm -Wl,--end-group
Finished building target: iot_obd_monitoring_device.elf
 
arm-none-eabi-size   iot_obd_monitoring_device.elf 
arm-none-eabi-objdump -h -S  iot_obd_monitoring_device.elf  > "iot_obd_monitoring_device.list"
   text	   data	    bss	    dec	    hex	filename
  35772	    120	   4160	  40052	   9c74	iot_obd_monitoring_device.elf
Finished building: default.size.stdout
 
Finished building: iot_obd_monitoring_device.list
 
13:34:48 **** Incremental Build of configuration Debug for project iot_obd_monitoring_device ****
make -j8 all 
arm-none-eabi-size   iot_obd_monitoring_device.elf 
   text	   data	    bss	    dec	    hex	filename
  35772	    120	   4160	  40052	   9c74	iot_obd_monitoring_device.elf
Finished building: default.size.stdout
 
13:36:03 **** Incremental Build of configuration Debug for project iot_obd_monitoring_device ****
make -j8 all 
arm-none-eabi-gcc "../Drivers/BG77/bg77.c" -mcpu=cortex-m4 -std=gnu11 -g3 -DDEBUG -DUSE_HAL_DRIVER -DSTM32L431xx -c -I../Core/Inc -I"C:/Users/miros/Desktop/bakalarka_latest/secured-vehicle-monitoring/iot_obd_monitoring_device/Drivers/BG77" -I"C:/Users/miros/Desktop/bakalarka_latest/secured-vehicle-monitoring/iot_obd_monitoring_device/Core/Inc/OBD" -I../Drivers/STM32L4xx_HAL_Driver/Inc -I../Drivers/STM32L4xx_HAL_Driver/Inc/Legacy -I../Drivers/CMSIS/Device/ST/STM32L4xx/Include -I../Drivers/CMSIS/Include -O0 -ffunction-sections -fdata-sections -Wall -fstack-usage -fcyclomatic-complexity -MMD -MP -MF"Drivers/BG77/bg77.d" -MT"Drivers/BG77/bg77.o" --specs=nano.specs -mfpu=fpv4-sp-d16 -mfloat-abi=hard -mthumb -o "Drivers/BG77/bg77.o"
../Drivers/BG77/bg77.c: In function 'mqtt_connect':
../Drivers/BG77/bg77.c:171:9: warning: implicit declaration of function 'get_reply' [-Wimplicit-function-declaration]
  171 |      if(get_reply((char *)rx_buff, 3))
      |         ^~~~~~~~~
At top level:
../Drivers/BG77/bg77.c:271:13: warning: 'power_off' defined but not used [-Wunused-function]
  271 | static void power_off(void)
      |             ^~~~~~~~~
arm-none-eabi-gcc -o "iot_obd_monitoring_device.elf" @"objects.list"   -mcpu=cortex-m4 -T"C:\Users\miros\Desktop\bakalarka_latest\secured-vehicle-monitoring\iot_obd_monitoring_device\STM32L431RCTX_FLASH.ld" --specs=nosys.specs -Wl,-Map="iot_obd_monitoring_device.map" -Wl,--gc-sections -static --specs=nano.specs -mfpu=fpv4-sp-d16 -mfloat-abi=hard -mthumb -Wl,--start-group -lc -lm -Wl,--end-group
Finished building target: iot_obd_monitoring_device.elf
 
arm-none-eabi-size   iot_obd_monitoring_device.elf 
arm-none-eabi-objdump -h -S  iot_obd_monitoring_device.elf  > "iot_obd_monitoring_device.list"
   text	   data	    bss	    dec	    hex	filename
  35776	    120	   4160	  40056	   9c78	iot_obd_monitoring_device.elf
Finished building: default.size.stdout
 
Finished building: iot_obd_monitoring_device.list
 
13:36:50 **** Incremental Build of configuration Debug for project iot_obd_monitoring_device ****
make -j8 all 
arm-none-eabi-size   iot_obd_monitoring_device.elf 
   text	   data	    bss	    dec	    hex	filename
  35776	    120	   4160	  40056	   9c78	iot_obd_monitoring_device.elf
Finished building: default.size.stdout
 
