02:07:53 **** Incremental Build of configuration Debug for project iot_obd_monitoring_device ****
make -j8 all 
arm-none-eabi-gcc "../Core/Src/main.c" -mcpu=cortex-m4 -std=gnu11 -g3 -DDEBUG -DUSE_HAL_DRIVER -DSTM32L431xx -c -I../Core/Inc -I"C:/Users/miros/Desktop/bakalarka_latest/secured-vehicle-monitoring/iot_obd_monitoring_device/Drivers/BG77" -I"C:/Users/miros/Desktop/bakalarka_latest/secured-vehicle-monitoring/iot_obd_monitoring_device/Core/Inc/OBD" -I../Drivers/STM32L4xx_HAL_Driver/Inc -I../Drivers/STM32L4xx_HAL_Driver/Inc/Legacy -I../Drivers/CMSIS/Device/ST/STM32L4xx/Include -I../Drivers/CMSIS/Include -O0 -ffunction-sections -fdata-sections -Wall -fstack-usage -fcyclomatic-complexity -MMD -MP -MF"Core/Src/main.d" -MT"Core/Src/main.o" --specs=nano.specs -mfpu=fpv4-sp-d16 -mfloat-abi=hard -mthumb -o "Core/Src/main.o"
arm-none-eabi-gcc -o "iot_obd_monitoring_device.elf" @"objects.list"   -mcpu=cortex-m4 -T"C:\Users\miros\Desktop\bakalarka_latest\secured-vehicle-monitoring\iot_obd_monitoring_device\STM32L431RCTX_FLASH.ld" --specs=nosys.specs -Wl,-Map="iot_obd_monitoring_device.map" -Wl,--gc-sections -static --specs=nano.specs -mfpu=fpv4-sp-d16 -mfloat-abi=hard -mthumb -Wl,--start-group -lc -lm -Wl,--end-group
Finished building target: iot_obd_monitoring_device.elf
 
arm-none-eabi-size   iot_obd_monitoring_device.elf 
arm-none-eabi-objdump -h -S  iot_obd_monitoring_device.elf  > "iot_obd_monitoring_device.list"
   text	   data	    bss	    dec	    hex	filename
  41988	    120	   4336	  46444	   b56c	iot_obd_monitoring_device.elf
Finished building: default.size.stdout
 
Finished building: iot_obd_monitoring_device.list
 
