../Drivers/BG77/bg77.c:27:9:module_init	16	static
../Drivers/BG77/bg77.c:50:9:send_command	32	static,ignoring_inline_asm
../Drivers/BG77/bg77.c:80:6:nb_rx_callback	4	static
../Drivers/BG77/bg77.c:89:9:check_status	24	static
../Drivers/BG77/bg77.c:118:9:check_signal	24	static
../Drivers/BG77/bg77.c:144:9:set_psm	272	static
../Drivers/BG77/bg77.c:165:9:mqtt_open	288	static
../Drivers/BG77/bg77.c:206:9:mqtt_connect	296	static
../Drivers/BG77/bg77.c:251:9:mqtt_disconnect	288	static
../Drivers/BG77/bg77.c:288:9:mqtt_close	288	static
../Drivers/BG77/bg77.c:329:9:mqtt_subscribe	288	static
../Drivers/BG77/bg77.c:346:9:mqtt_unsubscribe	280	static
../Drivers/BG77/bg77.c:366:9:mqtt_publish	312	static
../Drivers/BG77/bg77.c:386:9:acquire_position	1560	static
../Drivers/BG77/bg77.c:406:6:parse_location	24	static
../Drivers/BG77/bg77.c:455:16:wake_up	16	static
../Drivers/BG77/bg77.c:483:13:power_on	8	static
../Drivers/BG77/bg77.c:494:13:power_off	8	static
../Drivers/BG77/bg77.c:505:13:clear_rx_buff	8	static
