../Drivers/BG77/bg77.c:30:9:module_init	24	static
../Drivers/BG77/bg77.c:56:9:send_command	32	static,ignoring_inline_asm
../Drivers/BG77/bg77.c:85:6:nb_rx_callback	8	static
../Drivers/BG77/bg77.c:99:9:check_status	32	static
../Drivers/BG77/bg77.c:129:9:check_signal	24	static
../Drivers/BG77/bg77.c:156:9:set_psm	288	static
../Drivers/BG77/bg77.c:176:9:mqtt_open	296	static
../Drivers/BG77/bg77.c:214:9:mqtt_connect	296	static
../Drivers/BG77/bg77.c:256:9:mqtt_disconnect	288	static
../Drivers/BG77/bg77.c:291:9:mqtt_close	288	static
../Drivers/BG77/bg77.c:331:9:mqtt_subscribe	288	static
../Drivers/BG77/bg77.c:348:9:mqtt_unsubscribe	280	static
../Drivers/BG77/bg77.c:368:9:mqtt_publish	296	static
../Drivers/BG77/bg77.c:387:9:acquire_position	72	static
../Drivers/BG77/bg77.c:406:6:parse_location	24	static
../Drivers/BG77/bg77.c:455:16:wake_up	16	static
../Drivers/BG77/bg77.c:483:13:power_on	8	static
../Drivers/BG77/bg77.c:494:13:power_off	8	static
../Drivers/BG77/bg77.c:505:13:clear_rx_buff	8	static
