../Drivers/BG77/bg77.c:32:9:module_init	24	static
../Drivers/BG77/bg77.c:58:9:send_command	32	static,ignoring_inline_asm
../Drivers/BG77/bg77.c:86:6:nb_rx_callback	8	static
../Drivers/BG77/bg77.c:100:9:check_status	32	static
../Drivers/BG77/bg77.c:130:9:check_signal	24	static
../Drivers/BG77/bg77.c:157:9:set_psm	288	static
../Drivers/BG77/bg77.c:177:9:mqtt_open	296	static
../Drivers/BG77/bg77.c:211:9:mqtt_connect	296	static
../Drivers/BG77/bg77.c:253:9:mqtt_disconnect	288	static
../Drivers/BG77/bg77.c:288:9:mqtt_close	304	static
../Drivers/BG77/bg77.c:328:9:mqtt_subscribe	288	static
../Drivers/BG77/bg77.c:345:9:mqtt_unsubscribe	280	static
../Drivers/BG77/bg77.c:365:9:mqtt_publish	296	static
../Drivers/BG77/bg77.c:383:9:gnss_turn_on	16	static,ignoring_inline_asm
../Drivers/BG77/bg77.c:411:9:get_position	8	static
../Drivers/BG77/bg77.c:437:6:parse_location	24	static
../Drivers/BG77/bg77.c:486:16:wake_up	16	static
../Drivers/BG77/bg77.c:514:13:power_on	8	static
../Drivers/BG77/bg77.c:525:13:power_off	8	static
../Drivers/BG77/bg77.c:536:13:clear_rx_buff	8	static
