../Drivers/BG77/bg77.c:26:9:module_init	16	static
../Drivers/BG77/bg77.c:34:9:send_command	24	static,ignoring_inline_asm
../Drivers/BG77/bg77.c:55:6:nb_rx_callback	4	static
../Drivers/BG77/bg77.c:62:6:gps_rx_callback	4	static
../Drivers/BG77/bg77.c:66:9:check_status	24	static
../Drivers/BG77/bg77.c:91:9:mqtt_open	288	static
../Drivers/BG77/bg77.c:125:9:mqtt_connect	304	static
../Drivers/BG77/bg77.c:169:9:mqtt_disconnect	288	static
../Drivers/BG77/bg77.c:201:9:mqtt_close	272	static
../Drivers/BG77/bg77.c:212:16:get_reply	16	static
../Drivers/BG77/bg77.c:218:16:wake_up	8	static
../Drivers/BG77/bg77.c:234:13:power_on	8	static
../Drivers/BG77/bg77.c:241:13:clear_rx_buff	8	static
