../Drivers/BG77/bg77.c:21:9:module_init	8	static
../Drivers/BG77/bg77.c:29:9:send_command	32	static,ignoring_inline_asm
../Drivers/BG77/bg77.c:50:6:nb_rx_callback	4	static
../Drivers/BG77/bg77.c:55:9:check_status	24	static
../Drivers/BG77/bg77.c:79:9:check_signal	24	static
../Drivers/BG77/bg77.c:98:9:set_psm	272	static
../Drivers/BG77/bg77.c:113:9:mqtt_open	288	static
../Drivers/BG77/bg77.c:147:9:mqtt_connect	296	static
../Drivers/BG77/bg77.c:191:9:mqtt_disconnect	288	static
../Drivers/BG77/bg77.c:223:9:mqtt_close	272	static
../Drivers/BG77/bg77.c:234:9:mqtt_subscribe	288	static
../Drivers/BG77/bg77.c:245:9:mqtt_unsubscribe	288	static
../Drivers/BG77/bg77.c:256:9:mqtt_publish	312	static
../Drivers/BG77/bg77.c:271:9:acquire_position	1560	static
../Drivers/BG77/bg77.c:286:6:parse_location	24	static
../Drivers/BG77/bg77.c:331:16:wake_up	16	static
../Drivers/BG77/bg77.c:355:13:power_on	8	static
../Drivers/BG77/bg77.c:362:13:power_off	8	static
../Drivers/BG77/bg77.c:369:13:clear_rx_buff	8	static
