../Drivers/BG77/bg77.c:29:9:module_init	24	static
../Drivers/BG77/bg77.c:52:9:send_command	32	static,ignoring_inline_asm
../Drivers/BG77/bg77.c:93:6:nb_rx_callback	8	static
../Drivers/BG77/bg77.c:108:9:check_status	32	static
../Drivers/BG77/bg77.c:137:9:check_signal	32	static
../Drivers/BG77/bg77.c:163:9:set_psm	272	static
../Drivers/BG77/bg77.c:184:9:mqtt_open	288	static
../Drivers/BG77/bg77.c:225:9:mqtt_connect	304	static
../Drivers/BG77/bg77.c:270:9:mqtt_disconnect	296	static
../Drivers/BG77/bg77.c:307:9:mqtt_close	296	static
../Drivers/BG77/bg77.c:348:9:mqtt_subscribe	288	static
../Drivers/BG77/bg77.c:365:9:mqtt_unsubscribe	280	static
../Drivers/BG77/bg77.c:385:9:mqtt_publish	296	static
../Drivers/BG77/bg77.c:404:9:acquire_position	1560	static
../Drivers/BG77/bg77.c:424:6:parse_location	24	static
../Drivers/BG77/bg77.c:473:16:wake_up	24	static
../Drivers/BG77/bg77.c:501:13:power_on	8	static
../Drivers/BG77/bg77.c:512:13:power_off	8	static
../Drivers/BG77/bg77.c:523:13:clear_rx_buff	8	static
