../Drivers/BG77/bg77.c:25:9:module_init	8	static
../Drivers/BG77/bg77.c:34:9:send_command	32	static,ignoring_inline_asm
../Drivers/BG77/bg77.c:55:6:nb_rx_callback	4	static
../Drivers/BG77/bg77.c:60:6:gps_rx_callback	4	static
../Drivers/BG77/bg77.c:64:9:check_status	24	static
../Drivers/BG77/bg77.c:88:9:check_signal	24	static
../Drivers/BG77/bg77.c:111:9:mqtt_open	288	static
../Drivers/BG77/bg77.c:145:9:mqtt_connect	304	static
../Drivers/BG77/bg77.c:189:9:mqtt_disconnect	288	static
../Drivers/BG77/bg77.c:221:9:mqtt_close	272	static
../Drivers/BG77/bg77.c:232:9:mqtt_subscribe	288	static
../Drivers/BG77/bg77.c:248:16:wake_up	8	static
../Drivers/BG77/bg77.c:264:13:power_on	8	static
../Drivers/BG77/bg77.c:271:13:power_off	8	static
../Drivers/BG77/bg77.c:278:13:clear_rx_buff	8	static
