../Drivers/BG77/bg77.c:24:9:module_init	8	static
../Drivers/BG77/bg77.c:32:9:send_command	24	static,ignoring_inline_asm
../Drivers/BG77/bg77.c:52:6:nb_rx_callback	4	static
../Drivers/BG77/bg77.c:57:6:gps_rx_callback	4	static
../Drivers/BG77/bg77.c:61:9:check_status	24	static
../Drivers/BG77/bg77.c:85:9:check_signal	24	static
../Drivers/BG77/bg77.c:108:9:mqtt_open	288	static
../Drivers/BG77/bg77.c:142:9:mqtt_connect	304	static
../Drivers/BG77/bg77.c:186:9:mqtt_disconnect	288	static
../Drivers/BG77/bg77.c:218:9:mqtt_close	272	static
../Drivers/BG77/bg77.c:229:9:mqtt_subscribe	288	static
../Drivers/BG77/bg77.c:245:16:wake_up	8	static
../Drivers/BG77/bg77.c:261:13:power_on	8	static
../Drivers/BG77/bg77.c:268:13:clear_rx_buff	8	static
