../Drivers/BG77/bg77.c:21:9:module_init	8	static
../Drivers/BG77/bg77.c:30:9:send_command	32	static,ignoring_inline_asm
../Drivers/BG77/bg77.c:51:6:nb_rx_callback	4	static
../Drivers/BG77/bg77.c:56:6:gps_rx_callback	4	static
../Drivers/BG77/bg77.c:60:9:check_status	24	static
../Drivers/BG77/bg77.c:84:9:check_signal	24	static
../Drivers/BG77/bg77.c:107:9:mqtt_open	288	static
../Drivers/BG77/bg77.c:141:9:mqtt_connect	296	static
../Drivers/BG77/bg77.c:185:9:mqtt_disconnect	288	static
../Drivers/BG77/bg77.c:217:9:mqtt_close	272	static
../Drivers/BG77/bg77.c:228:9:mqtt_subscribe	288	static
../Drivers/BG77/bg77.c:239:9:mqtt_unsubscribe	288	static
../Drivers/BG77/bg77.c:250:9:mqtt_publish	312	static
../Drivers/BG77/bg77.c:265:9:acquire_position	1560	static
../Drivers/BG77/bg77.c:280:6:parse_location	24	static
../Drivers/BG77/bg77.c:325:16:wake_up	8	static
../Drivers/BG77/bg77.c:341:13:power_on	8	static
../Drivers/BG77/bg77.c:348:13:power_off	8	static
../Drivers/BG77/bg77.c:355:13:clear_rx_buff	8	static
